// Vitest Snapshot v1, https://vitest.dev/guide/snapshot.html

exports[`should mount 1`] = `"<div class=\\"btn-group\\"><button class=\\"btn btn-default disabled\\" type=\\"button\\"><span class=\\"fas fa-angle-up\\"></span></button><a class=\\"btn btn-default disabled\\" role=\\"button\\">editor.pagination</a><button class=\\"btn btn-default\\" type=\\"button\\"><span class=\\"fas fa-angle-down\\"></span></button></div>"`;
